diff --git a/next.config.ts b/next.config.ts
index 91de24d..8bc36ed 100644
--- a/next.config.ts
+++ b/next.config.ts
@@ -9,6 +9,15 @@ const nextConfig: NextConfig = {
     removeConsole: process.env.NODE_ENV === 'production' ? {
       exclude: ['error']
     } : false,
+  },
+  images: {
+    remotePatterns: [
+      {
+        protocol: 'https',
+        hostname: 'img.youtube.com',
+        pathname: '/vi/**',
+      }
+    ]
   }
 };
 
diff --git a/src/app/about/page.tsx b/src/app/about/page.tsx
index 7613808..10ab0d3 100644
--- a/src/app/about/page.tsx
+++ b/src/app/about/page.tsx
@@ -113,32 +113,32 @@ const timelineEvents: TimelineEvent[] = [
 
 const categoryConfig = {
     foundation: {
-        color: "from-red-500 to-red-700",
-        bgColor: "from-red-50 to-red-100 dark:from-red-900/20 dark:to-red-800/30",
+        color: "from-brand-gray to-brand-graytext",
+        bgColor: "from-brand-gray/10 to-brand-gray/20 dark:from-brand-gray/20 dark:to-brand-gray/30",
         icon: Target,
         label: "Foundation"
     },
     innovation: {
-        color: "from-blue-500 to-blue-700",
-        bgColor: "from-blue-50 to-blue-100 dark:from-blue-900/20 dark:to-blue-800/30",
+        color: "from-brand-yellow to-brand-logo",
+        bgColor: "from-brand-yellow/10 to-brand-yellow/20 dark:from-brand-yellow/20 dark:to-brand-yellow/30",
         icon: Zap,
         label: "Innovation"
     },
     product: {
-        color: "from-green-500 to-green-700",
-        bgColor: "from-green-50 to-green-100 dark:from-green-900/20 dark:to-green-800/30",
+        color: "from-brand-yellow to-brand-logo",
+        bgColor: "from-brand-yellow/10 to-brand-yellow/20 dark:from-brand-yellow/20 dark:to-brand-yellow/30",
         icon: Package,
         label: "Products"
     },
     growth: {
-        color: "from-purple-500 to-purple-700",
-        bgColor: "from-purple-50 to-purple-100 dark:from-purple-900/20 dark:to-purple-800/30",
+        color: "from-brand-maroon to-brand-darkmaroon",
+        bgColor: "from-brand-maroon/10 to-brand-maroon/20 dark:from-brand-maroon/20 dark:to-brand-maroon/30",
         icon: Trophy,
         label: "Growth"
     },
     future: {
-        color: "from-brand-yellow to-brand-logo",
-        bgColor: "from-yellow-50 to-orange-100 dark:from-yellow-900/20 dark:to-orange-800/30",
+        color: "from-brand-darkmaroon to-brand-maroon",
+        bgColor: "from-brand-darkmaroon/10 to-brand-darkmaroon/20 dark:from-brand-darkmaroon/20 dark:to-brand-darkmaroon/30",
         icon: Eye,
         label: "Future"
     }
diff --git a/src/app/contact/page.tsx b/src/app/contact/page.tsx
index e9ab66b..5185834 100644
--- a/src/app/contact/page.tsx
+++ b/src/app/contact/page.tsx
@@ -233,7 +233,7 @@ export default function ContactPage() {
 			</section>
 
 			{/* Call to Action */}
-			<section className="relative bg-gradient-to-br from-brand-maroon to-brand-darkmaroon py-10">
+			<section className="relative bg-gradient-to-br from-brand-maroon to-brand-darkmaroon dark:from-gray-700 dark:to-gray-800 py-10">
 				<div className="container mx-auto px-6 text-center">
 					<motion.div
 						initial={{ opacity: 0, y: 30 }}
diff --git a/src/app/homeowners/page.tsx b/src/app/homeowners/page.tsx
index 199f94d..f5eda4b 100644
--- a/src/app/homeowners/page.tsx
+++ b/src/app/homeowners/page.tsx
@@ -382,17 +382,6 @@ export default function HomeownersPage() {
                                 </div>
                             ))}
                         </div>
-                        <div className="text-center mt-8">
-                            <Link href="/homeowner_ppt.pdf" target="_blank" onClick={() => handleCtaClick('presentation')}>
-                                <motion.button
-                                    whileHover={{ scale: 1.02, y: -2 }}
-                                    whileTap={{ scale: 0.98 }}
-                                    className="px-8 py-3 bg-gradient-to-r from-brand-maroon to-brand-darkmaroon text-white font-semibold rounded-lg shadow-lg hover:shadow-xl transition-all duration-300 cursor-pointer"
-                                >
-                                    Download Homeowner Presentation
-                                </motion.button>
-                            </Link>
-                        </div>
                     </Card>
                 </motion.div>
             </section>
@@ -634,7 +623,7 @@ export default function HomeownersPage() {
             </section>
 
             {/* Final CTA Section */}
-            <section className="relative bg-gradient-to-br from-brand-maroon to-brand-darkmaroon py-10">
+            <section className="relative bg-gradient-to-br from-brand-maroon to-brand-darkmaroon dark:from-gray-700 dark:to-gray-800 py-10">
                 <div className="container mx-auto px-6 text-center">
                     <motion.div
                         initial={{ opacity: 0, y: 30 }}
diff --git a/src/app/installers/page.tsx b/src/app/installers/page.tsx
index b65a1b8..2f4b3bb 100644
--- a/src/app/installers/page.tsx
+++ b/src/app/installers/page.tsx
@@ -545,7 +545,7 @@ export default function InstallersPage() {
             </section>
 
             {/* Final CTA Section */}
-            <section className="relative bg-gradient-to-br from-brand-maroon to-brand-darkmaroon py-10">
+            <section className="relative bg-gradient-to-br from-brand-maroon to-brand-darkmaroon dark:from-gray-700 dark:to-gray-800 py-10">
                 <div className="container mx-auto px-6 text-center">
                     <motion.div
                         initial={{ opacity: 0, y: 30 }}
@@ -557,7 +557,7 @@ export default function InstallersPage() {
                             Ready to Partner with Sparq?
                         </h2>
                         <p className="text-xl text-white/90 mb-12 max-w-3xl mx-auto">
-                            Join hundreds of successful installers who have chosen Sparq Systems for their commercial solar projects.
+                            Join professional installers who have chosen Sparq Systems for their commercial solar projects.
                             Start maximizing your profits today.
                         </p>
                         <div className="flex flex-col sm:flex-row justify-center gap-6 max-w-2xl mx-auto">
@@ -574,9 +574,10 @@ export default function InstallersPage() {
                                 <motion.button
                                     whileHover={{ scale: 1.02, y: -2 }}
                                     whileTap={{ scale: 0.98 }}
-                                    className="w-full sm:w-auto px-8 py-4 bg-brand-yellow text-white font-semibold rounded-xl shadow-lg hover:shadow-xl transition-all duration-300 cursor-pointer"
+                                    className="w-full sm:w-auto px-8 py-4 bg-brand-yellow text-white font-semibold rounded-xl shadow-lg hover:shadow-xl transition-all duration-300 cursor-pointer flex items-center justify-center"
                                 >
-                                    Download Presentation
+                                    <FaPlay className="mr-2" />
+                                    View Installer Presentation
                                 </motion.button>
                             </Link>
                         </div>
diff --git a/src/app/investors/page.tsx b/src/app/investors/page.tsx
index 98601c6..851ca5e 100644
--- a/src/app/investors/page.tsx
+++ b/src/app/investors/page.tsx
@@ -139,11 +139,11 @@ export default function InvestorsPage() {
     }
 
     return (
-        <div className='min-h-screen bg-gradient-to-br from-slate-50 via-neutral-50 to-stone-50 dark:bg-gradient-to-br dark:from-gray-900 dark:via-gray-800 dark:to-gray-900 relative z-1'>
+        <div className='min-h-screen bg-gradient-to-br from-slate-50 via-neutral-50 to-stone-50 dark:bg-gradient-to-br dark:from-gray-900 dark:via-gray-800 dark:to-gray-900 relative z-10'>
+            <SolarBackgroundElements />
 
             {/* Hero Section */}
             <section className="relative container mx-auto px-6 pt-10 pb-16">
-            <SolarBackgroundElements />
 
                 <motion.div
                     ref={heroRef}
@@ -188,13 +188,13 @@ export default function InvestorsPage() {
                                 View Investor Presentation
                             </motion.button>
                         </Link>
-                        <Link href="/contact">
+                        <Link href="/resources/videos?category=investors&video=0sdcGgL9228">
                             <motion.button
                                 whileHover={{ scale: 1.02, y: -2 }}
                                 whileTap={{ scale: 0.98 }}
                                 className="w-full sm:w-auto px-8 py-4 bg-white dark:bg-gray-900/90 text-brand-darkmaroon dark:text-brand-yellow font-semibold rounded-xl shadow-lg hover:shadow-xl transition-all duration-300 border-2 border-brand-maroon/20 dark:border-brand-yellow/30 cursor-pointer"
                             >
-                                Contact IR Team
+                                Watch CEO Interview
                             </motion.button>
                         </Link>
                     </motion.div>
@@ -446,7 +446,7 @@ export default function InvestorsPage() {
             </section>
 
             {/* Call to Action */}
-            <section className="relative bg-gradient-to-br from-brand-maroon to-brand-darkmaroon py-10">
+            <section className="relative bg-gradient-to-br from-brand-maroon to-brand-darkmaroon dark:from-gray-700 dark:to-gray-800 py-10">
                 <div className="container mx-auto px-6 text-center">
                     <motion.div
                         initial={{ opacity: 0, y: 30 }}
diff --git a/src/app/products/page.tsx b/src/app/products/page.tsx
index 8433d0a..7d21d99 100644
--- a/src/app/products/page.tsx
+++ b/src/app/products/page.tsx
@@ -22,7 +22,7 @@ const productCards: ProductCard[] = [
     {
         id: "quad2",
         // title: "Q2000 1φ",
-        title: "Quad 2",
+        title: "Quad2",
         description: "Single-phase microinverters for residential installations",
         href: "/products/quad2",
         image: "/q2000.webp",
diff --git a/src/app/products/sparqlinq/page.tsx b/src/app/products/sparqlinq/page.tsx
index 2a5d742..92f3b60 100644
--- a/src/app/products/sparqlinq/page.tsx
+++ b/src/app/products/sparqlinq/page.tsx
@@ -22,7 +22,7 @@ function image() {
 function body() {
 	return (
 		<p className="text-brand-gray dark:text-dark-text-secondary mt-4">
-			Access and monitor your energy system data at any time with SparqLinq, our smart interface for the Quad 2000 and Quad3. SparqLinq can be used on nearly any device and is backed by industry standard Zigbee wireless communication, providing access to real-time data and historical records.</p>
+			Access and monitor your energy system data at any time with SparqLinq, our smart interface for the Quad2 and Quad3. SparqLinq can be used on nearly any device and is backed by industry standard Zigbee wireless communication, providing access to real-time data and historical records.</p>
 	)
 }
 
diff --git a/src/app/resources/page.tsx b/src/app/resources/page.tsx
index 4adf51e..5238c6b 100644
--- a/src/app/resources/page.tsx
+++ b/src/app/resources/page.tsx
@@ -51,8 +51,9 @@ function VideoPopup({ url, onClose, iFrame }: VideoPopupProps) {
                     top: '140px', // Clear space for header + subheader
                     height: 'calc(100vh - 140px)', // Use remaining viewport height
                 }}
+                onClick={onClose}
             >
-                <div className="relative w-full max-w-7xl mx-4">
+                <div className="relative w-full max-w-7xl mx-4" onClick={(e) => e.stopPropagation()}>
                     {/* Close Button outside video div */}
                     <button
                         onClick={onClose}
diff --git a/src/app/resources/photos/page.tsx b/src/app/resources/photos/page.tsx
index 000cd91..fb18cc8 100644
--- a/src/app/resources/photos/page.tsx
+++ b/src/app/resources/photos/page.tsx
@@ -11,7 +11,6 @@ interface InstallationSite {
     name: string
     location: string
     description: string
-    completionDate: string
     systemSize: string
     photos: { src: string; alt?: string }[]
 }
@@ -21,9 +20,8 @@ const installationSites: InstallationSite[] = [
         id: "slc",
         name: "St. Lawrence College",
         location: "Kingston, Ontario",
-        description: "A comprehensive solar installation showcasing our Quad microinverter technology in an educational environment.",
-        completionDate: "2023",
-        systemSize: "19kW",
+        description: "A comprehensive solar installation showcasing our Quad microinverter technology.",
+        systemSize: "20kW",
         photos: [
             {src: "/SLC/001.JPG", alt: "St. Lawrence College installation overview"},
             {src: "/SLC/002.JPG", alt: "Solar panel array configuration"},
@@ -41,7 +39,6 @@ const installationSites: InstallationSite[] = [
         name: "Queens University",
         location: "Kingston, Ontario",
         description: "Our main test site, in collaboration with Queens University.",
-        completionDate: "2023",
         systemSize: "15kW",
         photos: [
             {src: "/Queens/1.jpg", alt: ""},
@@ -108,7 +105,7 @@ export default function PhotosPage() {
                         className="text-center mb-16"
                     >
                         <h2 className="text-4xl md:text-5xl font-bold text-brand-darkmaroon dark:text-brand-yellow mb-6">
-                            Installation Sites
+                            Key R&D Test Sites
                         </h2>
                         <p className="text-xl text-brand-graytext dark:text-dark-text-secondary max-w-3xl mx-auto">
                             Select a site to view detailed photos and project information.
@@ -143,9 +140,8 @@ export default function PhotosPage() {
                                             </div>
                                         </div>
                                         <p className="text-brand-graytext dark:text-dark-text-secondary leading-relaxed mb-4 flex-grow">{site.description}</p>
-                                        <div className="flex justify-between text-sm text-brand-graytext dark:text-dark-text-muted mt-auto">
-                                            <span><strong>Completed:</strong> {site.completionDate}</span>
-                                            <span><strong>System:</strong> {site.systemSize}</span>
+                                        <div className="flex justify-center text-sm text-brand-graytext dark:text-dark-text-muted mt-auto">
+                                            <span><strong>System Size:</strong> {site.systemSize}</span>
                                         </div>
                                     </CardContent>
                                 </Card>
@@ -175,7 +171,7 @@ export default function PhotosPage() {
             </section>
 
             {/* Call to Action */}
-            <section className="relative bg-gradient-to-br from-brand-maroon to-brand-darkmaroon py-10">
+            <section className="relative bg-gradient-to-br from-brand-maroon to-brand-darkmaroon dark:from-gray-700 dark:to-gray-800 py-10">
                 <div className="container mx-auto px-6 text-center">
                     <motion.div
                         initial={{ opacity: 0, y: 30 }}
diff --git a/src/app/resources/videos/page.tsx b/src/app/resources/videos/page.tsx
index 9cdb1bb..53398a6 100644
--- a/src/app/resources/videos/page.tsx
+++ b/src/app/resources/videos/page.tsx
@@ -1,11 +1,75 @@
 'use client'
 
-import { useState, useRef } from "react"
+import { useState, useRef, useEffect } from "react"
+import { useSearchParams, useRouter } from "next/navigation"
 import { motion, useInView } from "motion/react"
 import { Card, CardContent } from "@/components/ui/card"
 import YTVideo from "@/components/YTVideo"
 import SolarBackgroundElements from '@/components/SolarBackgroundElements'
 
+interface VideoPopupProps {
+    videoId: string;
+    onClose: () => void;
+}
+
+function VideoPopup({ videoId, onClose }: VideoPopupProps) {
+    useEffect(() => {
+        const handleEsc = (e: KeyboardEvent) => {
+            if (e.key === 'Escape') onClose();
+        };
+        document.addEventListener('keydown', handleEsc);
+        return () => document.removeEventListener('keydown', handleEsc);
+    }, [onClose]);
+
+    return (
+        <div className="fixed inset-0 z-[60] overflow-y-auto">
+            <div
+                className="absolute inset-0 bg-black/70 backdrop-blur-sm"
+                onClick={onClose}
+            />
+
+            <div
+                className="absolute w-full h-full flex items-center justify-center"
+                style={{
+                    top: '140px',
+                    height: 'calc(100vh - 140px)',
+                }}
+                onClick={onClose}
+            >
+                <div className="relative w-full max-w-7xl mx-4" onClick={(e) => e.stopPropagation()}>
+                    <button
+                        onClick={onClose}
+                        aria-label="Close"
+                        className="absolute -top-4 -right-4 z-20 bg-gray-800 rounded-full p-2 shadow-lg text-gray-300 hover:text-white hover:bg-gray-900 focus:outline-none cursor-pointer"
+                    >
+                        <svg
+                            xmlns="http://www.w3.org/2000/svg"
+                            className="h-6 w-6"
+                            fill="none"
+                            viewBox="0 0 24 24"
+                            stroke="currentColor"
+                            strokeWidth={2}
+                        >
+                            <path strokeLinecap="round" strokeLinejoin="round" d="M6 18L18 6M6 6l12 12" />
+                        </svg>
+                    </button>
+
+                    <div className="bg-gray-900 rounded-xl shadow-xl overflow-hidden">
+                        <div className="relative pt-[56.25%]">
+                            <iframe
+                                className="absolute top-0 left-0 w-full h-full"
+                                src={`https://www.youtube.com/embed/${videoId}?autoplay=1&modestbranding=1&rel=0`}
+                                allow="autoplay; encrypted-media"
+                                allowFullScreen
+                            />
+                        </div>
+                    </div>
+                </div>
+            </div>
+        </div>
+    )
+}
+
 interface VideoCategory {
     id: string
     title: string
@@ -14,6 +78,22 @@ interface VideoCategory {
     videoIds: string[]
 }
 
+// Video titles mapping - add titles for your video IDs here
+const videoTitles: Record<string, string> = {
+    // Investor videos
+    "gaFi_dPnYNk": "Sparq Systems Investor Presentation",
+    "am7VzIpn5TI": "Sparq Technology Overview",
+    "0sdcGgL9228": "CEO Interview - Market Strategy",
+
+    // Installer videos
+    "5u3KVFYHfk0": "Installation Guide - Technical Overview",
+    "4Ngk_vP-dIQ": "Product Installation Demonstration",
+    "nhH8LrnONxs": "Advanced Installation Techniques",
+
+    // Homeowner videos
+    "Ibs0snk6nH0": "Solar Energy Benefits for Homeowners"
+}
+
 const videoCategories: VideoCategory[] = [
     {
         id: "investors",
@@ -61,11 +141,64 @@ const videoCategories: VideoCategory[] = [
 ]
 
 export default function VideosPage() {
+    const searchParams = useSearchParams()
+    const router = useRouter()
     const [selectedCategory, setSelectedCategory] = useState<string>(videoCategories[1]?.id || '')
+    const [selectedVideo, setSelectedVideo] = useState<string>('')
+    const [showPopup, setShowPopup] = useState<boolean>(false)
 
     const heroRef = useRef(null)
     const isHeroInView = useInView(heroRef, { once: true })
 
+    // Initialize from URL parameters
+    useEffect(() => {
+        const categoryParam = searchParams.get('category')
+        const videoParam = searchParams.get('video')
+
+        if (categoryParam && videoCategories.some(cat => cat.id === categoryParam)) {
+            setSelectedCategory(categoryParam)
+        }
+        if (videoParam) {
+            setSelectedVideo(videoParam)
+            setShowPopup(true) // Auto-open popup when video is in URL
+        }
+    }, [searchParams])
+
+    // Update URL when category changes
+    const handleCategoryChange = (categoryId: string) => {
+        setSelectedCategory(categoryId)
+        setSelectedVideo('') // Clear video selection when changing category
+        setShowPopup(false) // Close popup when changing category
+
+        const params = new URLSearchParams(searchParams.toString())
+        params.set('category', categoryId)
+        params.delete('video') // Remove video param when changing category
+        router.push(`/resources/videos?${params.toString()}`, { scroll: false })
+    }
+
+    // Update URL when video is selected
+    const handleVideoSelect = (videoId: string) => {
+        setSelectedVideo(videoId)
+        setShowPopup(true) // Open popup when video is selected
+
+        const params = new URLSearchParams(searchParams.toString())
+        params.set('video', videoId)
+        if (!params.has('category')) {
+            params.set('category', selectedCategory)
+        }
+        router.push(`/resources/videos?${params.toString()}`, { scroll: false })
+    }
+
+    // Close popup and remove video from URL
+    const handleClosePopup = () => {
+        setShowPopup(false)
+        setSelectedVideo('')
+
+        const params = new URLSearchParams(searchParams.toString())
+        params.delete('video')
+        router.push(`/resources/videos?${params.toString()}`, { scroll: false })
+    }
+
     const currentCategory = videoCategories.find(cat => cat.id === selectedCategory) || videoCategories[0]
 
     return (
@@ -129,10 +262,9 @@ export default function VideosPage() {
                             className="group"
                         >
                             <Card
-                                className={`overflow-hidden border-0 shadow-lg hover:shadow-2xl transition-all duration-300 group-hover:scale-105 cursor-pointer py-0 bg-white dark:bg-gray-700 ${
-                                    selectedCategory === category.id ? 'ring-2 ring-brand-maroon' : ''
-                                }`}
-                                onClick={() => setSelectedCategory(category.id)}
+                                className={`overflow-hidden border-0 shadow-lg hover:shadow-2xl transition-all duration-300 group-hover:scale-105 cursor-pointer py-0 bg-white dark:bg-gray-700 ${selectedCategory === category.id ? 'ring-2 ring-brand-maroon' : ''
+                                    }`}
+                                onClick={() => handleCategoryChange(category.id)}
                             >
                                 <CardContent className="p-6">
                                     <div className="flex items-center gap-4 mb-4">
@@ -170,14 +302,18 @@ export default function VideosPage() {
                                     {currentCategory.description}
                                 </p>
                             </div>
-                            <YTVideo videoIds={currentCategory.videoIds} />
+                            <YTVideo
+                                videoIds={currentCategory.videoIds}
+                                videoTitles={videoTitles}
+                                onVideoSelect={handleVideoSelect}
+                            />
                         </motion.div>
                     )}
                 </div>
             </section>
 
             {/* Call to Action */}
-            <section className="relative bg-gradient-to-br from-brand-maroon to-brand-darkmaroon py-10">
+            <section className="relative bg-gradient-to-br from-brand-maroon to-brand-darkmaroon dark:from-gray-700 dark:to-gray-800 py-10">
                 <div className="container mx-auto px-6 text-center">
                     <motion.div
                         initial={{ opacity: 0, y: 30 }}
@@ -214,6 +350,10 @@ export default function VideosPage() {
                     </motion.div>
                 </div>
             </section>
+
+            {showPopup && selectedVideo && (
+                <VideoPopup videoId={selectedVideo} onClose={handleClosePopup} />
+            )}
         </div>
     )
 }
\ No newline at end of file
diff --git a/src/components/AggregatedFAQ.tsx b/src/components/AggregatedFAQ.tsx
index 10b5023..e00d747 100644
--- a/src/components/AggregatedFAQ.tsx
+++ b/src/components/AggregatedFAQ.tsx
@@ -80,22 +80,22 @@ export default function AggregatedFAQ({ id, homeownersData, installersData, inve
             title: 'Homeowners',
             icon: <Users className="w-5 h-5" />,
             data: homeownersData,
-            color: 'text-green-600',
-            bgColor: 'bg-green-50 border-green-200'
+            color: 'text-brand-maroon dark:text-brand-maroon',
+            bgColor: 'bg-brand-maroon/10 border-brand-maroon/30 dark:bg-brand-maroon/20 dark:border-brand-maroon/40'
         },
         installers: {
             title: 'Installers',
             icon: <Wrench className="w-5 h-5" />,
             data: installersData,
-            color: 'text-blue-600',
-            bgColor: 'bg-blue-50 border-blue-200'
+            color: 'text-brand-yellow dark:text-brand-yellow',
+            bgColor: 'bg-brand-yellow/10 border-brand-yellow/30 dark:bg-brand-yellow/20 dark:border-brand-yellow/40'
         },
         investors: {
             title: 'Investors',
             icon: <TrendingUp className="w-5 h-5" />,
             data: investorsData,
-            color: 'text-purple-600',
-            bgColor: 'bg-purple-50 border-purple-200'
+            color: 'text-brand-graytext dark:text-brand-gray',
+            bgColor: 'bg-brand-gray/10 border-brand-gray/30 dark:bg-brand-gray/20 dark:border-brand-gray/40'
         }
     }), [homeownersData, installersData, investorsData])
 
diff --git a/src/components/BomCalc.tsx b/src/components/BomCalc.tsx
index 6566742..0c0f4d1 100644
--- a/src/components/BomCalc.tsx
+++ b/src/components/BomCalc.tsx
@@ -11,6 +11,7 @@ type ProjectType = "Residential" | "Commercial" | "Industrial";
 type GridType = "On-grid" | "Off-grid" | "Water Pump";
 
 type FormInputs = {
+    projectName: string;
     region: string;
     projectType: ProjectType;
     gridType: GridType;
@@ -23,122 +24,127 @@ type FormInputs = {
 };
 
 const initialForm: FormInputs = {
-  region: "North America",
-  projectType: "Residential",
-  gridType: "On-grid",
-  Vgrid: "",
-  Pgrid: "",
-  Ppv: "",
-  Ppanel: "",
-  Vpanel: "",
-  Iscpanel: "",
+    projectName: "",
+    region: "North America",
+    projectType: "Residential",
+    gridType: "On-grid",
+    Vgrid: "",
+    Pgrid: "",
+    Ppv: "",
+    Ppanel: "",
+    Vpanel: "",
+    Iscpanel: "",
 };
 
 export default function BoMCalc() {
-  const [form, setForm] = useState<FormInputs>(initialForm);
-  const [bom, setBom] = useState<Row[]>([]);
-  const [showBom, setShowBom] = useState(false);
-
-  // numbers
-  const Pgrid = +form.Pgrid || 0;
-  const Vgrid = +form.Vgrid || 0;
-  const Ppv = +form.Ppv || 0;
-  const Ppanel = +form.Ppanel || 0;
-  const Vpanel = +form.Vpanel || 0;
-  const Iscpanel = +form.Iscpanel || 0;
-
-  const ratio = Pgrid > 0 ? Ppv / Pgrid : NaN;
-
-  // compatibility
-  const SystemOK =
-    Vpanel <= 68 &&
-    Ppanel >= 400 &&
-    Ppanel <= 750 &&
-    Iscpanel <= 20 &&
-    ratio > 1 &&
-    ratio < 1.4;
-
-  const panelFailReasons: string[] = [];
-  if (Vpanel > 68) panelFailReasons.push("Panel Voc Too High! Voc must be within 20V-68V range");
-  if (Ppanel > 750) panelFailReasons.push("Panel STC Power Too High! Must be less than 750W");
-  if (Ppanel < 400) panelFailReasons.push("Undersized PV panel! Suggestion: Use higher power panel");
-  if (Iscpanel > 20) panelFailReasons.push("Panel Isc Too High! Must be less than 20A");
-  if (Ppv/Pgrid > 1.4) panelFailReasons.push("Oversized DC Side! Suggestion: Increase AC side for better PV/microinverter utilization")
-  if (Ppv/Pgrid < 1) panelFailReasons.push("Undersized DC Side! Suggestion: Increase DC side for better microinverter utilization ")
-
-  // inverter choice
-  const isThreePhase = form.projectType === "Industrial" || form.gridType === "Water Pump";
-  const inverterSku = isThreePhase ? "Q3000-4301" : "Q2000-4102";
-  const modelLabel = isThreePhase ? "Q3000 Three-Phase Inverter" : "Q2000 Single-Phase Inverter";
-
-  // required fields
-  const requiredKeys: (keyof FormInputs)[] = [
-    "Pgrid",
-    "Vgrid",
-    "Ppv",
-    "Ppanel",
-    "Vpanel",
-    "Iscpanel",
-    "region",
-    "projectType",
-    "gridType",
-  ];
-  const allFilled = requiredKeys.every(k => (form[k] ?? "").toString().trim() !== "");
-  const showStatus = allFilled;
-
-  const handleGenerate = () => {
-    if (!allFilled) return; // block if not all fields
-    if (!(Pgrid > 0 && Vgrid > 0 && Ppv > 0 && Ppanel > 0)) {
-      setBom([]);
-      setShowBom(false);
-      return;
-    }
-    const result = calculate({ Pgrid, Vgrid, Ppv, Ppanel, region: form.region });
-    const mapped = result.map(r =>
-      r.label === "Inverter" ? { ...r, sku: inverterSku, label: modelLabel } : r
-    );
-    setBom(mapped);
-    setShowBom(true);
-  };
-
-  const handleClear = () => {
-    setForm(initialForm);
-    setBom([]);
-    setShowBom(false);
-  };
-
-  const inverterCount = bom.find(r => r.sku === inverterSku)?.qty ?? 0;
-
-  const nameMap: Record<string, string> = {
-    "Q2000-4102": "Quad 2000 Single Phase Inverter",
-    "Q3000-4301": "Quad 3000 Three-Phase Inverter",
-    "65020-01": "Junction Box",
-    "65020-05": "Junction Box",
-    "65015-09": "T5 to T6 Cable 0.7m",
-    "65015-17": "T5 to T6 Cable 0.7m",
-    "65013-16/17": "T6 Female to Tee Male",
-    "65013-08/09": "T6 Female to Tee Male",
-    "65015-10": "T5 to T6 Cable 3m",
-    "65015-18": "T5 to T6 Cable 3m",
-    "65012-14/15": "T6 Tee Male to Open",
-    "65012-02/03": "T6 Tee Male to Open",
-  };
-
-  const imageMap: Record<string, string> = {
-    "Q2000-4102": "/quad4inverter.png",
-    "Q3000-4301": "/quad4inverter.png",
-    "SL200-2001": "/sparqlinq.png",
-    "65020-01": "/junctionbox.png",
-    "65020-05": "/junctionbox.png",
-    "65015-09": "/type2cable.png",
-    "65015-17": "/type2cable.png",
-    "65013-16/17": "/t6ftom.png",
-    "65013-08/09": "/t6ftom.png",
-    "65015-10": "/type1cable.png",
-    "65015-18": "/type1cable.png",
-    "65012-14/15": "/opencable.png",
-    "65012-02/03": "/opencable.png",
-  };
+    const [form, setForm] = useState<FormInputs>(initialForm);
+    const [bom, setBom] = useState<Row[]>([]);
+    const [showBom, setShowBom] = useState(false);
+
+    // numbers
+    const Pgrid = +form.Pgrid || 0;
+    const Vgrid = +form.Vgrid || 0;
+    const Ppv = +form.Ppv || 0;
+    const Ppanel = +form.Ppanel || 0;
+    const Vpanel = +form.Vpanel || 0;
+    const Iscpanel = +form.Iscpanel || 0;
+
+    const ratio = Pgrid > 0 ? Ppv / Pgrid : NaN;
+
+    // compatibility
+    const SystemOK =
+        Vpanel <= 68 &&
+        Ppanel >= 400 &&
+        Ppanel <= 750 &&
+        Iscpanel <= 20 &&
+        ratio >= 1 &&
+        ratio <= 1.5;
+
+    const panelFailReasons: string[] = [];
+    if (Vpanel > 68) panelFailReasons.push("Panel Voc Too High! Voc must be within 20V-68V range");
+    if (Ppanel > 750) panelFailReasons.push("Panel STC Power Too High! Must be less than 750W");
+    if (Ppanel < 400) panelFailReasons.push("Undersized PV panel! Suggestion: Use higher power panel");
+    if (Iscpanel > 20) panelFailReasons.push("Panel Isc Too High! Must be less than 20A");
+    if (Ppv / Pgrid > 1.5) panelFailReasons.push("Oversized DC Side! Suggestion: Increase AC side for better PV/microinverter utilization")
+    if (Ppv / Pgrid < 1) panelFailReasons.push("Undersized DC Side! Suggestion: Increase DC side for better microinverter utilization ")
+
+    // inverter choice
+    const isThreePhase = form.projectType === "Industrial" || form.gridType === "Water Pump";
+    const inverterSku = isThreePhase ? "Q3000-4301" : "Q2000-4102";
+    const modelLabel = isThreePhase ? "Q3000 Three-Phase Inverter" : "Q2000 Single-Phase Inverter";
+
+    // required fields
+    const requiredKeys: (keyof FormInputs)[] = [
+        "Pgrid",
+        "Vgrid",
+        "Ppv",
+        "Ppanel",
+        "Vpanel",
+        "Iscpanel",
+        "region",
+        "projectType",
+        "gridType",
+    ];
+    const allFilled = requiredKeys.every(k => (form[k] ?? "").toString().trim() !== "");
+    const showStatus = allFilled;
+
+    // Check if any input field has been filled to show System Summary
+    const inputKeys: (keyof FormInputs)[] = ["Pgrid", "Vgrid", "Ppv", "Ppanel", "Vpanel", "Iscpanel"];
+    const hasAnyInput = inputKeys.some(k => (form[k] ?? "").toString().trim() !== "");
+
+    const handleGenerate = () => {
+        if (!allFilled) return; // block if not all fields
+        if (!(Pgrid > 0 && Vgrid > 0 && Ppv > 0 && Ppanel > 0)) {
+            setBom([]);
+            setShowBom(false);
+            return;
+        }
+        const result = calculate({ Pgrid, Vgrid, Ppv, Ppanel, region: form.region });
+        const mapped = result.map(r =>
+            r.label === "Inverter" ? { ...r, sku: inverterSku, label: modelLabel } : r
+        );
+        setBom(mapped);
+        setShowBom(true);
+    };
+
+    const handleClear = () => {
+        setForm(initialForm);
+        setBom([]);
+        setShowBom(false);
+    };
+
+    const inverterCount = bom.find(r => r.sku === inverterSku)?.qty ?? 0;
+
+    const nameMap: Record<string, string> = {
+        "Q2000-4102": "Quad 2000 Single Phase Inverter",
+        "Q3000-4301": "Quad 3000 Three-Phase Inverter",
+        "65020-01": "Junction Box",
+        "65020-05": "Junction Box",
+        "65015-09": "T5 to T6 Cable 0.7m",
+        "65015-17": "T5 to T6 Cable 0.7m",
+        "65013-16/17": "T6 Female to Tee Male",
+        "65013-08/09": "T6 Female to Tee Male",
+        "65015-10": "T5 to T6 Cable 3m",
+        "65015-18": "T5 to T6 Cable 3m",
+        "65012-14/15": "T6 Tee Male to Open",
+        "65012-02/03": "T6 Tee Male to Open",
+    };
+
+    const imageMap: Record<string, string> = {
+        "Q2000-4102": "/quad4inverter.png",
+        "Q3000-4301": "/quad4inverter.png",
+        "SL200-2001": "/sparqlinq.png",
+        "65020-01": "/junctionbox.png",
+        "65020-05": "/junctionbox.png",
+        "65015-09": "/type2cable.png",
+        "65015-17": "/type2cable.png",
+        "65013-16/17": "/t6ftom.png",
+        "65013-08/09": "/t6ftom.png",
+        "65015-10": "/type1cable.png",
+        "65015-18": "/type1cable.png",
+        "65012-14/15": "/opencable.png",
+        "65012-02/03": "/opencable.png",
+    };
 
     async function handleDownload() {
         // Create workbook & worksheet
@@ -178,7 +184,11 @@ export default function BoMCalc() {
         });
 
         // System specs
+        const generationDate = new Date().toLocaleString();
         ws.addRows([
+            ["", "Project Name", form.projectName || "Untitled Project"],
+            ["", "Report Generated", generationDate],
+            [""],
             ["", "Region", form.region],
             ["", "Project Type", form.projectType],
             ["", "Grid Type", form.gridType],
@@ -255,6 +265,16 @@ export default function BoMCalc() {
                 <div className="rounded-lg bg-white dark:bg-gray-800 p-6 shadow-lg border border-gray-200 dark:border-gray-600 space-y-6">
                     <h2 className="text-xl font-semibold text-brand-darkmaroon dark:text-brand-yellow">Design Details</h2>
 
+                    {/* PROJECT NAME */}
+                    <div className="grid grid-cols-1 gap-4">
+                        <TextField
+                            label="Project Name"
+                            value={form.projectName}
+                            onChange={v => setForm(f => ({ ...f, projectName: v }))}
+                            placeholder="Enter project name (optional)"
+                        />
+                    </div>
+
                     {/* REGION/PROJECT TYPE */}
                     <div className="grid grid-cols-1 md:grid-cols-2 gap-4">
                         <SelectField
@@ -329,49 +349,47 @@ export default function BoMCalc() {
 
                     {/* BUTTONS + STATUS */}
                     <div className="flex flex-col gap-3 md:flex-row md:items-start">
-                    {showStatus && (
-                        <div
-                        className={`max-w-xl rounded-md border px-4 py-2 text-sm leading-5 ${
-                            SystemOK
-                            ? "border-green-200 bg-green-50 text-green-700 dark:border-green-600/40 dark:bg-green-900/30 dark:text-green-300"
-                            : "border-red-200 bg-red-50 text-red-700 dark:border-red-600/40 dark:bg-red-900/30 dark:text-red-300"
-                        }`}
-                        >
-                        {SystemOK ? (
-                            <span className="font-medium">
-                            Panel is compatible. System sizing acceptable.
-                            </span>
-                        ) : (
-                            <ul className="ml-4 list-disc space-y-0.5">
-                            {panelFailReasons.map((reason, i) => (
-                                <li key={i}>{reason}</li>
-                            ))}
-                            </ul>
+                        {showStatus && (
+                            <div
+                                className={`max-w-xl rounded-md border px-4 py-2 text-sm leading-5 ${SystemOK
+                                    ? "border-green-200 bg-green-50 text-green-700 dark:border-green-600/40 dark:bg-green-900/30 dark:text-green-300"
+                                    : "border-red-200 bg-red-50 text-red-700 dark:border-red-600/40 dark:bg-red-900/30 dark:text-red-300"
+                                    }`}
+                            >
+                                {SystemOK ? (
+                                    <span className="font-medium">
+                                        Panel is compatible. System sizing acceptable.
+                                    </span>
+                                ) : (
+                                    <ul className="ml-4 list-disc space-y-0.5">
+                                        {panelFailReasons.map((reason, i) => (
+                                            <li key={i}>{reason}</li>
+                                        ))}
+                                    </ul>
+                                )}
+                            </div>
                         )}
+
+                        <div className="ml-auto flex gap-3">
+                            <button
+                                onClick={handleClear}
+                                className="rounded border border-gray-300 dark:border-gray-600 px-5 py-3 text-sm font-medium text-gray-600 dark:text-gray-300 hover:bg-gray-100 dark:hover:bg-gray-700"
+                            >
+                                Clear
+                            </button>
+                            <button
+                                onClick={handleGenerate}
+                                disabled={!allFilled}
+                                className={`rounded px-6 py-3 text-sm font-medium transition ${allFilled
+                                    ? "bg-[var(--color-brand-maroon)] text-white hover:bg-[var(--color-brand-darkmaroon)] dark:bg-brand-yellow dark:text-gray-900 dark:hover:bg-brand-yellow/80"
+                                    : "cursor-not-allowed bg-gray-300 text-gray-500 dark:bg-gray-700 dark:text-gray-500"
+                                    }`}
+                            >
+                                Generate Bill of Materials
+                            </button>
                         </div>
-                    )}
-
-                    <div className="ml-auto flex gap-3">
-                        <button
-                        onClick={handleClear}
-                        className="rounded border border-gray-300 dark:border-gray-600 px-5 py-3 text-sm font-medium text-gray-600 dark:text-gray-300 hover:bg-gray-100 dark:hover:bg-gray-700"
-                        >
-                        Clear
-                        </button>
-                        <button
-                        onClick={handleGenerate}
-                        disabled={!allFilled}
-                        className={`rounded px-6 py-3 text-sm font-medium transition ${
-                            allFilled
-                            ? "bg-[var(--color-brand-maroon)] text-white hover:bg-[var(--color-brand-darkmaroon)] dark:bg-brand-yellow dark:text-gray-900 dark:hover:bg-brand-yellow/80"
-                            : "cursor-not-allowed bg-gray-300 text-gray-500 dark:bg-gray-700 dark:text-gray-500"
-                        }`}
-                        >
-                        Generate Bill of Materials
-                        </button>
                     </div>
                 </div>
-                </div>
 
                 {/* BILL OF MATERIALS */}
                 {showBom && (
@@ -403,37 +421,47 @@ export default function BoMCalc() {
                 )}
 
                 {/* SYSTEM SUMMARY */}
-                <aside className="rounded-lg bg-white dark:bg-gray-800 p-6 shadow-lg border border-gray-200 dark:border-gray-600 space-y-4 text-sm">
-                    <h2 className="text-xl font-semibold text-brand-darkmaroon dark:text-brand-yellow">System Summary</h2>
-                    <SummarySection title="Location & Grid">
-                        <SummaryRow label="Region" value={form.region} />
-                        <SummaryRow label="Project Type" value={form.projectType} />
-                        <SummaryRow label="Grid Type" value={form.gridType} />
-                        <SummaryRow label="Grid Voltage" value={`${Vgrid} V`} />
-                    </SummarySection>
-                    <SummarySection title="Panels & Inverter">
-                        <SummaryRow label="PV System Size" value={`${Ppv} kW`} />
-                        <SummaryRow label="AC System Size" value={`${Pgrid} kW`} />
-                        <SummaryRow label="Panel STC Power" value={`${Ppanel} W`} />
-                        <SummaryRow label="Panel STC Voltage" value={`${Vpanel} V`} />
-                        <SummaryRow label="Panel Isc" value={`${Iscpanel} A`} />
-                        <SummaryRow label="Inverter Model" value={modelLabel} />
-                        <SummaryRow label="Inverter Quantity" value={inverterCount.toString()} />
-                    </SummarySection>
-                </aside>
+                {hasAnyInput && (
+                    <aside className="rounded-lg bg-white dark:bg-gray-800 p-6 shadow-lg border border-gray-200 dark:border-gray-600 space-y-4 text-sm">
+                        <h2 className="text-xl font-semibold text-brand-darkmaroon dark:text-brand-yellow">System Summary</h2>
+                        {form.projectName && (
+                            <SummarySection title="Project">
+                                <SummaryRow label="Project Name" value={form.projectName} />
+                            </SummarySection>
+                        )}
+                        <SummarySection title="Location & Grid">
+                            <SummaryRow label="Region" value={form.region} />
+                            <SummaryRow label="Project Type" value={form.projectType} />
+                            <SummaryRow label="Grid Type" value={form.gridType} />
+                            <SummaryRow label="Grid Voltage" value={`${Vgrid} V`} />
+                        </SummarySection>
+                        <SummarySection title="Panels & Inverter">
+                            <SummaryRow label="PV System Size" value={`${Ppv} kW`} />
+                            <SummaryRow label="AC System Size" value={`${Pgrid} kW`} />
+                            <SummaryRow label="Panel STC Power" value={`${Ppanel} W`} />
+                            <SummaryRow label="Panel STC Voltage" value={`${Vpanel} V`} />
+                            <SummaryRow label="Panel Isc" value={`${Iscpanel} A`} />
+                            <SummaryRow label="Inverter Model" value={modelLabel} />
+                            <SummaryRow label="Inverter Quantity" value={inverterCount.toString()} />
+                        </SummarySection>
+                    </aside>
+                )}
             </section>
 
             {/* ACTIONS */}
-            <div className="flex justify-center space-x-4 pt-6 pb-12">
-                <button onClick={handleDownload}
-                    className="rounded-xl bg-gradient-to-r from-brand-maroon to-brand-darkmaroon px-8 py-4 text-sm text-white font-semibold hover:shadow-lg transition-all duration-300 cursor-pointer">
-                    Download Summary
-                </button>
-                <Link href="/contact"
-                    className="rounded-xl border-2 border-brand-maroon dark:border-brand-yellow px-8 py-4 text-sm text-brand-maroon dark:text-brand-yellow font-semibold hover:bg-brand-maroon dark:hover:bg-brand-yellow hover:text-white dark:hover:text-gray-900 transition-all duration-300">
-                    Contact Us
-                </Link>
-            </div>
+            {hasAnyInput && (
+
+                <div className="flex justify-center space-x-4 pt-6 pb-12">
+                    <button onClick={handleDownload}
+                        className="rounded-xl bg-gradient-to-r from-brand-maroon to-brand-darkmaroon px-8 py-4 text-sm text-white font-semibold hover:shadow-lg transition-all duration-300 cursor-pointer">
+                        Download Summary
+                    </button>
+                    <Link href="/contact"
+                        className="rounded-xl border-2 border-brand-maroon dark:border-brand-yellow px-8 py-4 text-sm text-brand-maroon dark:text-brand-yellow font-semibold hover:bg-brand-maroon dark:hover:bg-brand-yellow hover:text-white dark:hover:text-gray-900 transition-all duration-300">
+                        Contact Us
+                    </Link>
+                </div>
+            )}
         </main>
     );
 }
@@ -507,6 +535,21 @@ function SelectField({ label, value, options, onChange }: { label: string; value
     );
 }
 
+function TextField({ label, value, onChange, placeholder }: { label: string; value: string; onChange: (s: string) => void; placeholder?: string }) {
+    return (
+        <label className="block text-base">
+            <span className="mb-1	block font-medium text-brand-graytext dark:text-dark-text-secondary">{label}</span>
+            <input
+                type="text"
+                value={value}
+                placeholder={placeholder}
+                onChange={e => onChange(e.target.value)}
+                className="w-full rounded-lg border border-gray-300 dark:border-gray-600 px-4 py-2 text-base bg-white dark:bg-gray-700 text-gray-900 dark:text-dark-text-primary focus:border-brand-yellow focus:ring-brand-yellow focus:outline-none transition-colors"
+            />
+        </label>
+    );
+}
+
 function SummarySection({ title, children }: { title: string; children: React.ReactNode }) {
     return (
         <div className="mb-4 last:mb-0">
diff --git a/src/components/DropdownMenu.tsx b/src/components/DropdownMenu.tsx
index 50d8ebf..6684bc0 100644
--- a/src/components/DropdownMenu.tsx
+++ b/src/components/DropdownMenu.tsx
@@ -50,7 +50,7 @@ export default function DropdownMenu({ navItem }: DropdownMenuProps) {
         >
             <Link
                 href={navItem.href}
-                className={`relative flex items-center gap-1 px-3 py-2 text-base xl:text-lg font-medium transition-all duration-300 rounded-lg ${
+                className={`relative flex items-center gap-1 px-3 py-2 text-sm xl:text-lg font-medium transition-all duration-300 rounded-lg ${
                     isParentActive
                         ? 'text-brand-maroon dark:text-brand-yellow bg-brand-maroon/5 dark:bg-brand-yellow/10'
                         : 'text-brand-graytext dark:text-dark-text-primary hover:text-brand-maroon dark:hover:text-brand-yellow hover:bg-brand-maroon/5 dark:hover:bg-brand-yellow/10'
@@ -96,7 +96,7 @@ export default function DropdownMenu({ navItem }: DropdownMenuProps) {
                                     >
                                         <Link
                                             href={subItem.href}
-                                            className={`block px-4 py-3 mx-2 text-base font-medium transition-all duration-200 rounded-lg ${
+                                            className={`block px-4 py-3 mx-2 text-sm xl:text-base font-medium transition-all duration-200 rounded-lg ${
                                                 isSubActive
                                                     ? 'text-brand-maroon dark:text-brand-yellow bg-brand-maroon/10 dark:bg-brand-yellow/10'
                                                     : 'text-brand-graytext dark:text-dark-text-secondary hover:text-brand-maroon dark:hover:text-brand-yellow hover:bg-brand-maroon/5 dark:hover:bg-brand-yellow/10'
diff --git a/src/components/Header.tsx b/src/components/Header.tsx
index 96240b6..f655921 100644
--- a/src/components/Header.tsx
+++ b/src/components/Header.tsx
@@ -46,7 +46,7 @@ export default function Header({ navItems }: HeaderProps) {
 
                     {/* Center Column - Desktop Navigation */}
                     <div className="flex justify-center">
-                        <nav className="hidden lg:flex items-center space-x-0 xl:space-x-3">
+                        <nav className="hidden lg:flex items-center space-x-0 xl:space-x-1">
                             {navItems.map((item, index) => {
                                 const isActive = item.dropdown
                                     ? item.href === '/' ? pathname === '/' : pathname.startsWith(item.href)
@@ -62,7 +62,7 @@ export default function Header({ navItems }: HeaderProps) {
                                     >
                                         <Link
                                             href={item.href}
-                                            className={`relative px-3 py-2 text-base xl:text-lg font-medium transition-all duration-300 rounded-lg ${isActive
+                                            className={`relative flex items-center px-3 py-2 text-sm xl:text-lg font-medium transition-all duration-300 rounded-lg ${isActive
                                                     ? 'text-brand-maroon dark:text-brand-yellow bg-brand-maroon/5 dark:bg-brand-yellow/10'
                                                     : 'text-brand-graytext dark:text-dark-text-primary hover:text-brand-maroon dark:hover:text-brand-yellow hover:bg-brand-maroon/5 dark:hover:bg-brand-yellow/10'
                                                 }`}
@@ -87,7 +87,7 @@ export default function Header({ navItems }: HeaderProps) {
                     {/* Right Column - Controls */}
                     <div className="flex justify-end">
                         {/* Desktop Controls */}
-                        <div className="hidden lg:flex items-center gap-2 xl:gap-3">
+                        <div className="hidden lg:flex items-center gap-3 xl:gap-4">
                             <DarkModeToggle />
                             <AnimationToggle />
                         </div>
diff --git a/src/components/YTVideo.tsx b/src/components/YTVideo.tsx
index edfce94..62261e5 100644
--- a/src/components/YTVideo.tsx
+++ b/src/components/YTVideo.tsx
@@ -1,91 +1,89 @@
-import { useEffect, useRef } from 'react'
+import { useState, useEffect } from 'react'
+import Image from 'next/image'
 import { motion } from 'motion/react'
 import { Card, CardContent } from '@/components/ui/card'
 import { useTrackEvent } from '@/hooks/useTrackEvent'
 
 interface YTProps {
   videoIds: string[]
+  videoTitles?: Record<string, string>
+  onVideoSelect?: (videoId: string) => void
 }
 
-declare global {
-  interface Window {
-    onYouTubeIframeAPIReady: () => void
-    YT: any // eslint-disable-line @typescript-eslint/no-explicit-any
-  }
+interface VideoData {
+  id: string
+  title: string
+  thumbnail: string
 }
 
-export default function YTVideo({ videoIds }: YTProps) {
+export default function YTVideo({ videoIds, videoTitles, onVideoSelect }: YTProps) {
   const trackEvent = useTrackEvent()
-
-  // keep track of which videoIds have already triggered first-play
-  const playedRef = useRef<Record<string, boolean>>({})
+  const [videosData, setVideosData] = useState<VideoData[]>([])
 
   useEffect(() => {
-    let isMounted = true
-
-    // inject the YouTube IFrame API if needed
-    const loadYT = () =>
-      new Promise<void>((resolve) => {
-        if (window.YT?.Player) {
-          resolve()
-        } else {
-          const tag = document.createElement('script')
-          tag.src = 'https://www.youtube.com/iframe_api'
-          document.body.appendChild(tag)
-          window.onYouTubeIframeAPIReady = () => resolve()
-        }
-      })
+    // Create video data with thumbnails and titles
+    const videos = videoIds.map(videoId => ({
+      id: videoId,
+      title: videoTitles?.[videoId] || `YouTube Video ${videoId}`,
+      thumbnail: `https://img.youtube.com/vi/${videoId}/maxresdefault.jpg`
+    }))
+    setVideosData(videos)
+  }, [videoIds, videoTitles])
 
-    loadYT().then(() => {
-      if (!isMounted) return
-      videoIds.forEach((videoId) => {
-        new window.YT.Player(`yt-player-${videoId}`, {
-          events: {
-            onStateChange: (event: any) => { // eslint-disable-line @typescript-eslint/no-explicit-any
-              if (
-                event.data === window.YT.PlayerState.PLAYING &&
-                !playedRef.current[videoId]
-              ) {
-                playedRef.current[videoId] = true
-                trackEvent("youtube_video_played")
-              }
-            },
-          },
-        })
-      })
-    })
-
-    return () => {
-      isMounted = false
-    }
-  }, [videoIds, trackEvent])
+  const handleVideoClick = (videoId: string) => {
+    trackEvent("youtube_video_clicked")
+    onVideoSelect?.(videoId)
+  }
 
   return (
     <div className="grid grid-cols-1 md:grid-cols-2 lg:grid-cols-3 gap-8">
-      {videoIds.map((videoId, index) => (
+      {videosData.map((video, index) => (
         <motion.div
-          key={videoId}
+          key={video.id}
           initial={{ opacity: 0, y: 30 }}
           animate={{ opacity: 1, y: 0 }}
           transition={{ duration: 0.6, delay: index * 0.1 }}
           className="group"
         >
-          <Card className="overflow-hidden border-0 shadow-lg hover:shadow-2xl transition-all duration-300 group-hover:scale-105 py-0">
-            <CardContent className="p-0">
-              <div className="relative pb-[56.25%]">
-                <iframe
-                  id={`yt-player-${videoId}`}
-                  className="absolute top-0 left-0 w-full h-full rounded-lg"
-                  src={`https://www.youtube.com/embed/${videoId}?rel=0&enablejsapi=1`}
-                  title={`YouTube video ${videoId}`}
-                  allow="accelerometer; autoplay; clipboard-write; encrypted-media; gyroscope; picture-in-picture; fullscreen"
-                  loading="lazy"
-                ></iframe>
+          <Card className="overflow-hidden border-0 shadow-lg hover:shadow-2xl transition-all duration-300 group-hover:scale-105 cursor-pointer py-0 bg-white dark:bg-gray-700">
+            <button
+              onClick={() => handleVideoClick(video.id)}
+              className="w-full text-left"
+            >
+              <div className="relative">
+                <Image
+                  height={720}
+                  width={1280}
+                  src={video.thumbnail}
+                  alt={video.title}
+                  className="w-full h-64 object-cover group-hover:blur-sm transition-all duration-300"
+                />
+                <div className="absolute inset-0 bg-gradient-to-t from-black/60 to-transparent" />
+                <div className="absolute inset-0 flex items-center justify-center opacity-60 group-hover:opacity-100 transition-opacity duration-300">
+                  <div className="w-16 h-16 bg-white/20 rounded-full flex items-center justify-center border-2 border-white/50 group-hover:scale-110 transition-transform duration-300">
+                    <svg
+                      className="w-8 h-8 text-white"
+                      fill="currentColor"
+                      viewBox="0 0 20 20"
+                    >
+                      <path
+                        fillRule="evenodd"
+                        d="M10 18a8 8 0 100-16 8 8 0 000 16zM9.555 7.168A1 1 0 008 8v4a1 1 0 001.555.832l3-2a1 1 0 000-1.664l-3-2z"
+                        clipRule="evenodd"
+                      />
+                    </svg>
+                  </div>
+                </div>
               </div>
-            </CardContent>
+              <CardContent className="p-6">
+                <h3 className="text-xl font-bold text-brand-darkmaroon dark:text-brand-yellow group-hover:text-brand-maroon dark:group-hover:text-brand-logo transition-colors duration-300">
+                  {video.title}
+                </h3>
+              </CardContent>
+            </button>
           </Card>
         </motion.div>
       ))}
     </div>
   )
-}
+}
\ No newline at end of file
diff --git a/src/lib/designMath.ts b/src/lib/designMath.ts
index 83c2744..891c2c5 100644
--- a/src/lib/designMath.ts
+++ b/src/lib/designMath.ts
@@ -54,8 +54,8 @@ export function calculate({ Pgrid, Vgrid, Ppv, Ppanel, region }: Inputs): Row[]
   const na = region;
 
   // number of inverters
-  const invsFromPV = Math.ceil((Ppv * 1000) / (4 * Ppanel));
-  const invsFromAC = Math.ceil(Pgrid / 2);
+  const invsFromPV = Math.round((Ppv * 1000) / (4 * Ppanel));
+  const invsFromAC = Math.round(Pgrid / 2);
   const totalInverters = Math.max(invsFromPV, invsFromAC);
 
   // trunk calc
