
> sparq@0.3.0 build
> next build

   ▲ Next.js 15.5.20
   - Environments: .env.local
   - Experiments (use with caution):
     · cssChunking: "strict"

   Creating an optimized production build ...
 ✓ Compiled successfully in 10.0s
   Linting and checking validity of types ...
   Collecting page data ...
   Generating static pages (0/26) ...
   Generating static pages (6/26) 
   Generating static pages (12/26) 
   Generating static pages (19/26) 
 ✓ Generating static pages (26/26)
   Finalizing page optimization ...
   Collecting build traces ...

Route (app)                                 Size  First Load JS
┌ ƒ /                                    6.29 kB         167 kB
├ ƒ /_not-found                            995 B         103 kB
├ ƒ /about                               2.42 kB         144 kB
├ ƒ /about/board                         6.76 kB         172 kB
├ ƒ /about/leadership                    7.49 kB         172 kB
├ ƒ /api/health                            139 B         103 kB
├ ƒ /api/ops/logs                          139 B         103 kB
├ ƒ /api/sedar-documents                   139 B         103 kB
├ ƒ /api/send-email                        139 B         103 kB
├ ƒ /contact                             5.82 kB         172 kB
├ ƒ /investors                           11.6 kB         188 kB
├ ƒ /investors/governance                 5.9 kB         159 kB
├ ƒ /investors/reports                   3.73 kB         153 kB
├ ƒ /products                               5 kB         160 kB
├ ƒ /products/accessories                1.53 kB         113 kB
├ ƒ /products/app                        1.37 kB         173 kB
├ ƒ /products/legacy                     1.86 kB         173 kB
├ ƒ /products/quad2                      3.39 kB         181 kB
├ ƒ /products/quad3                      3.96 kB         181 kB
├ ƒ /products/sparqlinq                  3.24 kB         175 kB
├ ƒ /products/sparqvu                    1.87 kB         173 kB
├ ƒ /resources                           16.4 kB         173 kB
├ ƒ /resources/calculator                7.34 kB         154 kB
├ ƒ /resources/legal                     19.6 kB         175 kB
├ ƒ /support                                8 kB         154 kB
└ ƒ /technology                          5.12 kB         163 kB
+ First Load JS shared by all             102 kB
  ├ chunks/1255-2a00c48a91e35838.js      46.2 kB
  ├ chunks/4bd1b696-f785427dddbba9fb.js  54.2 kB
  └ other shared chunks (total)          1.96 kB


ƒ  (Dynamic)  server-rendered on demand


